{
  "metadata" :
  {
    "@generated" : true
  },
  "models" :
  [
    {
      "issues" :
      [
        {
          "always_features" :
          [
            "via-obscure"
          ],
          "handles" :
          [
            "return:0:Leaf"
          ],
          "position" :
          {
            "line" : 3,
            "path" : "Flow.java"
          },
          "rule" : 1,
          "sinks" :
          [
            {
              "call" :
              {
                "port" : "Argument(1)",
                "position" :
                {
                  "line" : 3,
                  "path" : "Flow.java"
                },
                "resolves_to" : "LSink;.interface_sink:(LData;)V"
              },
              "kinds" :
              [
                {
                  "distance" : 1,
                  "kind" : "TestSink",
                  "origins" :
                  [
                    "LSink;.interface_sink:(LData;)V"
                  ]
                }
              ]
            }
          ],
          "sources" :
          [
            {
              "call" :
              {
                "port" : "Return",
                "position" :
                {
                  "line" : 1,
                  "path" : "Flow.java"
                },
                "resolves_to" : "LSource;.source:()LData;"
              },
              "kinds" :
              [
                {
                  "always_features" :
                  [
                    "via-obscure"
                  ],
                  "distance" : 1,
                  "kind" : "TestSource",
                  "local_features" :
                  {
                    "always_features" :
                    [
                      "via-obscure"
                    ]
                  },
                  "origins" :
                  [
                    "LSource;.source:()LData;"
                  ]
                }
              ]
            }
          ]
        }
      ],
      "method" : "LFlow;.flow:(LSink;LSource;)V",
      "position" :
      {
        "line" : 0,
        "path" : "Flow.java"
      }
    }
  ]
}
