{
  "metadata" :
  {
    "@generated" : true
  },
  "models" :
  [
    {
      "generations" :
      [
        {
          "port" : "Argument(0).field",
          "taint" :
          [
            {
              "call" :
              {
                "port" : "Argument(0).field",
                "position" :
                {
                  "line" : 1,
                  "path" : "Flow.java"
                },
                "resolves_to" : "LFlow;.into_attribute:()V"
              },
              "kinds" :
              [
                {
                  "distance" : 2,
                  "kind" : "TestSource",
                  "origins" :
                  [
                    "LSource;.source:()LData;"
                  ]
                }
              ]
            }
          ]
        }
      ],
      "issues" :
      [
        {
          "handles" :
          [
            "LSink;.sink:(LData;)V:0:Argument(1)"
          ],
          "position" :
          {
            "line" : 2,
            "path" : "Flow.java"
          },
          "rule" : 1,
          "sinks" :
          [
            {
              "call" :
              {
                "port" : "Argument(1)",
                "position" :
                {
                  "line" : 2,
                  "path" : "Flow.java"
                },
                "resolves_to" : "LSink;.sink:(LData;)V"
              },
              "kinds" :
              [
                {
                  "distance" : 1,
                  "kind" : "TestSink",
                  "origins" :
                  [
                    "LSink;.sink:(LData;)V"
                  ]
                }
              ]
            }
          ],
          "sources" :
          [
            {
              "call" :
              {
                "port" : "Argument(0).field",
                "position" :
                {
                  "line" : 1,
                  "path" : "Flow.java"
                },
                "resolves_to" : "LFlow;.into_attribute:()V"
              },
              "kinds" :
              [
                {
                  "distance" : 2,
                  "kind" : "TestSource",
                  "origins" :
                  [
                    "LSource;.source:()LData;"
                  ]
                }
              ]
            }
          ]
        }
      ],
      "method" : "LFlow;.attribute_into_sink:(LSink;LSource;)V",
      "position" :
      {
        "line" : 0,
        "path" : "Flow.java"
      },
      "sinks" :
      [
        {
          "port" : "Argument(0)",
          "taint" :
          [
            {
              "call" :
              {
                "port" : "Argument(1)",
                "position" :
                {
                  "line" : 2,
                  "path" : "Flow.java"
                },
                "resolves_to" : "LSink;.sink:(LData;)V"
              },
              "kinds" :
              [
                {
                  "distance" : 1,
                  "kind" : "TestSink",
                  "origins" :
                  [
                    "LSink;.sink:(LData;)V"
                  ]
                }
              ]
            }
          ]
        }
      ]
    },
    {
      "generations" :
      [
        {
          "port" : "Argument(0).field",
          "taint" :
          [
            {
              "call" :
              {
                "port" : "Return",
                "position" :
                {
                  "line" : 1,
                  "path" : "Flow.java"
                },
                "resolves_to" : "LSource;.source:()LData;"
              },
              "kinds" :
              [
                {
                  "distance" : 1,
                  "kind" : "TestSource",
                  "local_positions" :
                  [
                    {
                      "line" : 2
                    }
                  ],
                  "origins" :
                  [
                    "LSource;.source:()LData;"
                  ]
                }
              ]
            }
          ]
        }
      ],
      "method" : "LFlow;.into_attribute:()V",
      "position" :
      {
        "line" : 0,
        "path" : "Flow.java"
      }
    }
  ]
}
