{
  "metadata" :
  {
    "@generated" : true
  },
  "models" :
  [
    {
      "issues" :
      [
        {
          "position" :
          {
            "line" : 2,
            "path" : "Flow.java"
          },
          "rule" : 1,
          "sinks" :
          [
            {
              "call" :
              {
                "port" : "Argument(1)",
                "position" :
                {
                  "line" : 2,
                  "path" : "Flow.java"
                },
                "resolves_to" : "LFlow;.into_into_sink:(LData;)V"
              },
              "kinds" :
              [
                {
                  "distance" : 3,
                  "kind" : "TestSink",
                  "origins" :
                  [
                    "LSink;.sink:(LData;)V"
                  ]
                }
              ]
            }
          ],
          "sources" :
          [
            {
              "call" :
              {
                "port" : "Return",
                "position" :
                {
                  "line" : 1,
                  "path" : "Flow.java"
                },
                "resolves_to" : "LSource;.source:()LData;"
              },
              "kinds" :
              [
                {
                  "distance" : 1,
                  "kind" : "TestSource",
                  "origins" :
                  [
                    "LSource;.source:()LData;"
                  ]
                }
              ]
            }
          ]
        }
      ],
      "method" : "LFlow;.indirect:()V",
      "position" :
      {
        "line" : 0,
        "path" : "Flow.java"
      }
    },
    {
      "method" : "LFlow;.into_into_sink:(LData;)V",
      "position" :
      {
        "line" : 0,
        "path" : "Flow.java"
      },
      "sinks" :
      [
        {
          "port" : "Argument(1)",
          "taint" :
          [
            {
              "call" :
              {
                "port" : "Argument(1)",
                "position" :
                {
                  "line" : 1,
                  "path" : "Flow.java"
                },
                "resolves_to" : "LFlow;.into_sink:(LData;)V"
              },
              "kinds" :
              [
                {
                  "distance" : 2,
                  "kind" : "TestSink",
                  "origins" :
                  [
                    "LSink;.sink:(LData;)V"
                  ]
                }
              ]
            }
          ]
        }
      ]
    },
    {
      "method" : "LFlow;.into_sink:(LData;)V",
      "position" :
      {
        "line" : 0,
        "path" : "Flow.java"
      },
      "sinks" :
      [
        {
          "port" : "Argument(1)",
          "taint" :
          [
            {
              "call" :
              {
                "port" : "Argument(1)",
                "position" :
                {
                  "line" : 1,
                  "path" : "Flow.java"
                },
                "resolves_to" : "LSink;.sink:(LData;)V"
              },
              "kinds" :
              [
                {
                  "distance" : 1,
                  "kind" : "TestSink",
                  "origins" :
                  [
                    "LSink;.sink:(LData;)V"
                  ]
                }
              ]
            }
          ]
        }
      ]
    }
  ]
}
